default values


a) 	Variables 1, 123, 10


b) 	Variables 1, 123, 10
