named arguments


a) 	Variables 1, ,


b) 	Variables , 1,


c) 	Variables , ,


d) 	Variables 2, 1,
 // invalid
