
named arguments import


a) 	Variables 1, ,


b) 	Variables , 1,


c) 	Variables , ,
