
<title>Search: trtr1;url=data:text;base64,PHNjcmlwdD5hbGVydCgiWFNTIik8L3NjcmlwdD4=" HTTP-EQUIV="refresh" t="</title>

<meta property="og:title" content="Search: trtr1;url=data:text;base64,PHNjcmlwdD5hbGVydCgiWFNTIik8L3NjcmlwdD4=&quot; HTTP-EQUIV=&quot;refresh&quot; t=&quot;">
