Noncached content


<h1>HELLO</h1>

<p>Included file (11)</p>

	hello
