<form action="" method="post"><table>
<tr>
	<th><label for="frm-username">Username:</label><th>
	<td><input title="Hello" cols="10" type="text" name="username" id="frm-username" value="" /></td>
</tr>
<tr>
	<th><label for="frm-password">Password:</label><th>
	<td><input title="Hello" cols="10" type="password" name="password" id="frm-password" /></td>
</tr>
<tr>
	<th><label>Sex:</label><th>
	<td><input type="radio" name="sex" id="frm-sex-m" value="m" /><label for="frm-sex-m">male</label><br /><input type="radio" name="sex" id="frm-sex-f" value="f" /><label for="frm-sex-f">female</label><br /></td>
</tr>
<tr>
	<th><th>
	<td><input title="Hello" cols="10" type="submit" name="send" id="frm-send" value="Sign in" /></td>
</tr>
</table>
</form>

		 <input title="Hello" cols="10" type="hidden" name="id" id="frm-id" value="" /> </label>
		<label for="frm-username">Username:</label>
<input title="Hello" cols="10" type="text" name="username" id="frm-username" value="" />
		<br />

		<label title="hello" for="frm-username"> <input title="Hello" cols="10" type="text" name="username" id="frm-username" value="" /> </label>
		<label>Sex:</label>
<label for="frm-sex-m"><input type="radio" name="sex" id="frm-sex-m" value="m" />male</label><br /><label for="frm-sex-f"><input type="radio" name="sex" id="frm-sex-f" value="f" />female</label><br />
		<br />

		<label title="hello"> <label for="frm-sex-m"><input type="radio" name="sex" id="frm-sex-m" value="m" />male</label><br /><label for="frm-sex-f"><input type="radio" name="sex" id="frm-sex-f" value="f" />female</label><br /> </label>

<input title="Hello" cols="10" type="submit" name="send" id="frm-send" value="Sign in" />
		<br />

		 <input title="Hello" cols="10" type="submit" name="send" id="frm-send" value="Sign in" /> </label>

	<label for="frm-username">Username:</label>

	<LABEL title=hello for="frm-username">Name</LABEL>
	<input value=val type class="hello"  name="username" id="frm-username"/>

	<label for="frm-username"></label>
	<input  type="text" name="username" id="frm-username" value=""/>
<div><!--[if IE]><input type=IEbug disabled style="display:none"><![endif]--></div>
</form>


<form action="" method="post"><div><!--[if IE]><input type=IEbug disabled style="display:none"><![endif]--></div>
</form>



<input  type="text" name="username" id="frm-username" value=""/>


	<label for="frm-sex-m"> <input type="radio" name="sex" id="frm-sex-m" value="m" /> male</label>
	<label for="frm-sex-f"> <input type="radio" name="sex" id="frm-sex-f" value="f" /> female</label>
