BEGIN:VCALENDAR
VERSION:2.0
PRODID:-//example.org//iCal 4.0.3//CS
METHOD:PUBLISH
BEGIN:VEVENT
DTSTAMP:20110606T000000
DTSTART;TZID=Europe/Prague:20110606T000000
DTEND;TZID=Europe/Prague:20110607T000000
SUMMARY;LANGUAGE=cs:Hello \"hello\"\, \nWorld
DESCRIPTION:
CLASS:PUBLIC
END:VEVENT
END:VCALENDAR
