<span title="' &amp; &quot;"></span>

<span title="' &amp; &quot;" invalid></span>

<span invalid="' &amp; &quot;" invalid="' &amp; &quot;"></span>
