
<p title="hello"> </p>

<p title="hello"> </p>

	<b>item</b>
	<b class="even">item</b>
	<b>item</b>

<p>1</p>
<p class="even">2</p>
<p>3</p>

<p class="foo odd">n:class</p>

<p>n:class empty</p>
<p class="bem--modifier">n:class with BEM</p>


<ul title="block + if + foreach">
	<li>John</li>
	<li>Mary</li>
	<li>Paul</li>
</ul>





<ul title="foreach">
	<li>John</li>
	<li>Mary</li>
	<li>Paul</li>
</ul>

<ul title="foreach">
	<li>
		John
	</li>
	<li>
		Mary
	</li>
	<li>
		Paul
	</li>
</ul>

<ul title="inner foreach">
	<li>
		John
		Mary
		Paul
	</li>
</ul>

<ul title="tag if">
	<li>
		Paul
	</li>
</ul>

<ul title="for">
	<li>0</li>
	<li>1</li>
	<li>2</li>
</ul>

<ul title="white">
	<li>2</li>
	<li>1</li>
</ul>

<p>
	<div><p>true</div>
</p>

<p>
	<div><p>true</p></div>
</p>



<p>noLatte</p>

<ul title="if + foreach">
	<li>John</li>
	<li>Mary</li>
	<li>Paul</li>
</ul>

<ul title="if + inner-if + inner-foreach">
	<li>JohnMaryPaul</li>
</ul>

<ul title="inner-if + inner-foreach">
	<li>john</li>
	<li>mary</li>
	<li>paul</li>
</ul>

<b>bold</b> normal
<b class="first">bold</b>

<meta>
<meta>
<meta>

Hello

<div>
</div>


<ul title="foreach break">
	<li>John</li>
</ul>

<ul title="foreach continue">
	<li>John</li>
	<li>Mary</li>
	<li>Paul</li>
</ul>


<ul title="inner foreach break">
	<li>John</li>
</ul>

<ul title="inner foreach continue">
	<li>JohnMaryPaul</li>
</ul>
