<div title='1/2"'></div>
<span title='/"'>foo</span>

<p val="some&amp;&lt;&gt;&quot;&apos;/chars" > </p>
<p onclick="&quot;some&amp;&lt;&gt;\&quot;&apos;/chars&quot;"> </p>
<p ONCLICK="&quot;some&amp;&lt;&gt;\&quot;&apos;/chars&quot;" some&amp;&lt;&gt;&quot;&apos;&#47;chars> </p>

<STYLE type="text/css">
<!--
#some\&\<\>\"\'\/chars {
	background: blue;
}
-->
</STYLE>

<script>
<!--
alert('</div>');

var prop = ["John","Mary","Paul","]]\u003E \u003C!--"];

document.getElementById("some&<>\"'/chars").style.backgroundColor = 'red';

var html = "<div title='1/2\"'><\/div>" || "<span title='/\"'>foo<\/span>";
-->
</script>

<SCRIPT>
/* <![CDATA[ */

var prop2 = ["John","Mary","Paul","]]\u003E \u003C!--"];

/* ]]> */
</SCRIPT>

<p onclick='alert(&quot;some&amp;&lt;&gt;\&quot;&apos;/chars&quot;);alert("hello");'
 title='some&amp;&lt;&gt;&quot;&apos;/chars'
 STYLE="color:some\&amp;\&lt;\&gt;\&quot;\&apos;\/chars;"
 rel="some&amp;&lt;&gt;&quot;&apos;/chars"
 onblur="alert(&quot;some&amp;&lt;&gt;\&quot;&apos;/chars&quot;)"
 alt='&lt;div title=&apos;1/2&quot;&apos;&gt;&lt;/div&gt; &lt;span title=&apos;/&quot;&apos;&gt;foo&lt;/span&gt;'
 onfocus="alert(&quot;&lt;div title=&apos;1/2\&quot;&apos;&gt;&lt;\/div&gt;&quot;)"
>click on me some&amp;&lt;&gt;"'/chars</p>
