<ul>
	<li>JOHN</li>
	<li>MARY</li>
	<li>PAUL</li>
{* comment latte *}
</ul>

<p>Default: Paul</p>

<p>Default: Paul</p>

<p>Default: {$person}</p>

{a}
{ {/ {/syntax
