<span title='&apos; &amp; "' class='&apos; &amp; "'></span>

<span title='&apos; &amp; "' &apos;&#32;&amp;&#32;&quot;></span>

<span title="&apos; &amp; &quot;"></span>

<span title="&apos; &amp; &quot;"></span>

<span attr="c&apos; &amp; &quot;d"></span>

<span onclick='&apos; &amp; "' &apos;&#32;&amp;&#32;&quot;></span>

<span onclick="c&quot;&apos; &amp; \&quot;&quot;d"></span>

<span attr&apos;&#32;&amp;&#32;&quot;b="c&apos; &amp; &quot;d"></span>