<?xml version="1.0" encoding="utf-8"?>
<?xml-stylesheet type="text/css" href=":/item"?>

<script><meta /></script>


<ul>
	<li>Escaped: &lt;i&gt;Hello&lt;/i&gt;</li>
	<li>Non-escaped: <i>Hello</i></li>
	<li>Escaped expression: &lt;b&gt;hello&lt;/b&gt;</li>
	<li>Non-escaped expression: <b>hello</b></li>
	<li>Array access: Mary</li>
	<li>Html: <div title='1/2"'></div></li>
</ul>

<style type="text/css">
<!--
#:/item {
	background: blue;
}
-->
</style>


<script>
<!--
var html = <div title='1/2"'></div>;
-->
</script>


<p onclick='alert(:/item);alert("hello");'
 title=':/item"'
 style="color::/item;'"
 alt='<div title='1/2"'></div>'
 onfocus="alert(<div title='1/2"'></div>)"
>click on me</p>


<!-- test - -  comment -->


</ul>


<ul>
	<li>John</li>
	<li>Mary</li>
	<li>Paul</li>
	<li>]]&gt; &lt;!--</li>
</ul>

<p>
	<div><p>true</div>
</p>

<input/> <input />

<p val="a"> </p>

<p val="some&amp;&lt;&gt;&quot;&apos;/chars" val2="`mxss"> </p>

<p onclick="some&amp;&lt;&gt;&quot;&apos;/chars"> </p>

<p title="foo a='a' b=&quot;b&quot;>"></p>
<p foo a='a' b="b">></p>